Merge made by the 'ort' strategy.
 README.md                                          | 188 ++++++++++++++++--
 .../app/Http/Controllers/Api/LibroController.php   | 107 +++++++++++
 .../Http/Controllers/Api/PrestamoController.php    | 140 ++++++++++++++
 .../app/Http/Controllers/Api/ReporteController.php |  81 ++++++++
 .../app/Http/Controllers/Api/SocioController.php   | 107 +++++++++++
 backend/app/Models/Libro.php                       |  38 ++++
 backend/app/Models/Prestamo.php                    |  69 +++++++
 backend/app/Models/Socio.php                       |  52 +++++
 .../2026_09_08_100000_create_libros_table.php      |  32 ++++
 .../2026_09_08_110000_create_socios_table.php      |  32 ++++
 .../2026_09_08_120000_create_prestamos_table.php   |  35 ++++
 backend/database/seeders/DatabaseSeeder.php        |   3 +
 backend/database/seeders/LibroSeeder.php           |  28 +++
 backend/database/seeders/PrestamoSeeder.php        |  60 ++++++
 backend/database/seeders/SocioSeeder.php           |  27 +++
 backend/routes/api.php                             |   9 +
 frontend/src/App.jsx                               |  78 ++++----
 frontend/src/components/Navbar.jsx                 |  25 ++-
 frontend/src/index.css                             |  48 +++++
 frontend/src/pages/Dashboard.jsx                   | 125 ++++++++++++
 frontend/src/pages/Libros.jsx                      | 211 +++++++++++++++++++++
 frontend/src/pages/Prestamos.jsx                   | 187 ++++++++++++++++++
 frontend/src/pages/Socios.jsx                      | 202 ++++++++++++++++++++
 23 files changed, 1825 insertions(+), 59 deletions(-)
 create mode 100644 backend/app/Http/Controllers/Api/LibroController.php
 create mode 100644 backend/app/Http/Controllers/Api/PrestamoController.php
 create mode 100644 backend/app/Http/Controllers/Api/ReporteController.php
 create mode 100644 backend/app/Http/Controllers/Api/SocioController.php
 create mode 100644 backend/app/Models/Libro.php
 create mode 100644 backend/app/Models/Prestamo.php
 create mode 100644 backend/app/Models/Socio.php
 create mode 100644 backend/database/migrations/2026_09_08_100000_create_libros_table.php
 create mode 100644 backend/database/migrations/2026_09_08_110000_create_socios_table.php
 create mode 100644 backend/database/migrations/2026_09_08_120000_create_prestamos_table.php
 create mode 100644 backend/database/seeders/LibroSeeder.php
 create mode 100644 backend/database/seeders/PrestamoSeeder.php
 create mode 100644 backend/database/seeders/SocioSeeder.php
 create mode 100644 frontend/src/pages/Dashboard.jsx
 create mode 100644 frontend/src/pages/Libros.jsx
 create mode 100644 frontend/src/pages/Prestamos.jsx
 create mode 100644 frontend/src/pages/Socios.jsx
